
> ketabkhaneh@0.1.0 build
> astro build

[2m18:23:03[22m [34m[vite][39m Re-optimizing dependencies because vite config has changed
[2m18:23:04[22m [34m[content][39m Syncing content
[2m18:23:04[22m [34m[content][39m Content config changed
[2m18:23:04[22m [34m[content][39m Clearing content store
npm.cmd : tab characters must not be used in indentation
At line:1 char:45
+ ... s\Sajad\Desktop\book'; & npm.cmd run build *> build-error.log; $code  ...
+                            ~~~~~~~~~~~~~~~~~~~~~~~~~~~~~~~~~~~~~~
    + CategoryInfo          : NotSpecified: (tab characters ... in indentation 
   :String) [], RemoteException
    + FullyQualifiedErrorId : NativeCommandError
 
  [1mLocation:[22m
    [4mC:\Users\Sajad\Desktop\book\src\content\books\courage-to-be-disliked.md
:9:0[24m
  [1mStack trace:[22m
[2m    at generateError (file:///C:/Users/Sajad/Desktop/book/node_modules/js-y
aml/dist/js-yaml.mjs:1140:12)
    at readBlockMapping (file:///C:/Users/Sajad/Desktop/book/node_modules/js-ya
ml/dist/js-yaml.mjs:1844:9)
    at readDocument (file:///C:/Users/Sajad/Desktop/book/node_modules/js-yaml/d
ist/js-yaml.mjs:2283:5)
    at load2 (file:///C:/Users/Sajad/Desktop/book/node_modules/js-yaml/dist/js-
yaml.mjs:2341:23)
    at safeParseFrontmatter (C:\Users\Sajad\Desktop\book\node_modules\astro\dis
t\content\utils.js:299:12)[22m
